  Determining projects to restore...
  All projects are up-to-date for restore.
  ClickUp.Api.Client.Models -> C:\Source\ClickUpApiMcpLib\src\ClickUp.Api.Client.Models\bin\Debug\net9.0\ClickUp.Api.Client.Models.dll
  ClickUp.Api.Client.Abstractions -> C:\Source\ClickUpApiMcpLib\src\ClickUp.Api.Client.Abstractions\bin\Debug\net9.0\ClickUp.Api.Client.Abstractions.dll
  ClickUp.Api.Client -> C:\Source\ClickUpApiMcpLib\src\ClickUp.Api.Client\bin\Debug\net9.0\ClickUp.Api.Client.dll
C:\Source\ClickUpApiMcpLib\src\ClickUp.Api.Client.Tests\Http\ApiConnectionTests.cs(85,55): error CS1061: 'ClickUpApiException' does not contain a definition for 'HttpStatus' and no accessible extension method 'HttpStatus' accepting a first argument of type 'ClickUpApiException' could be found (are you missing a using directive or an assembly reference?) [C:\Source\ClickUpApiMcpLib\src\ClickUp.Api.Client.Tests\ClickUp.Api.Client.Tests.csproj]
C:\Source\ClickUpApiMcpLib\src\ClickUp.Api.Client.Tests\Http\ApiConnectionTests.cs(86,50): error CS1061: 'ClickUpApiException' does not contain a definition for 'ApiErrorCode' and no accessible extension method 'ApiErrorCode' accepting a first argument of type 'ClickUpApiException' could be found (are you missing a using directive or an assembly reference?) [C:\Source\ClickUpApiMcpLib\src\ClickUp.Api.Client.Tests\ClickUp.Api.Client.Tests.csproj]
C:\Source\ClickUpApiMcpLib\src\ClickUp.Api.Client.Tests\Http\ApiConnectionTests.cs(88,57): error CS1061: 'ClickUpApiException' does not contain a definition for 'RawErrorContent' and no accessible extension method 'RawErrorContent' accepting a first argument of type 'ClickUpApiException' could be found (are you missing a using directive or an assembly reference?) [C:\Source\ClickUpApiMcpLib\src\ClickUp.Api.Client.Tests\ClickUp.Api.Client.Tests.csproj]
C:\Source\ClickUpApiMcpLib\src\ClickUp.Api.Client.Tests\Http\ApiConnectionTests.cs(114,68): error CS1061: 'ClickUpApiRateLimitException' does not contain a definition for 'HttpStatus' and no accessible extension method 'HttpStatus' accepting a first argument of type 'ClickUpApiRateLimitException' could be found (are you missing a using directive or an assembly reference?) [C:\Source\ClickUpApiMcpLib\src\ClickUp.Api.Client.Tests\ClickUp.Api.Client.Tests.csproj]
C:\Source\ClickUpApiMcpLib\src\ClickUp.Api.Client.Tests\Http\ApiConnectionTests.cs(116,53): error CS1061: 'ClickUpApiRateLimitException' does not contain a definition for 'ApiErrorCode' and no accessible extension method 'ApiErrorCode' accepting a first argument of type 'ClickUpApiRateLimitException' could be found (are you missing a using directive or an assembly reference?) [C:\Source\ClickUpApiMcpLib\src\ClickUp.Api.Client.Tests\ClickUp.Api.Client.Tests.csproj]
C:\Source\ClickUpApiMcpLib\src\ClickUp.Api.Client.Tests\Http\ApiConnectionTests.cs(133,68): error CS1061: 'ClickUpApiRateLimitException' does not contain a definition for 'HttpStatus' and no accessible extension method 'HttpStatus' accepting a first argument of type 'ClickUpApiRateLimitException' could be found (are you missing a using directive or an assembly reference?) [C:\Source\ClickUpApiMcpLib\src\ClickUp.Api.Client.Tests\ClickUp.Api.Client.Tests.csproj]
C:\Source\ClickUpApiMcpLib\src\ClickUp.Api.Client.Tests\Http\ApiConnectionTests.cs(135,53): error CS1061: 'ClickUpApiRateLimitException' does not contain a definition for 'ApiErrorCode' and no accessible extension method 'ApiErrorCode' accepting a first argument of type 'ClickUpApiRateLimitException' could be found (are you missing a using directive or an assembly reference?) [C:\Source\ClickUpApiMcpLib\src\ClickUp.Api.Client.Tests\ClickUp.Api.Client.Tests.csproj]
C:\Source\ClickUpApiMcpLib\src\ClickUp.Api.Client.Tests\Http\ApiConnectionTests.cs(164,72): error CS1061: 'ClickUpApiValidationException' does not contain a definition for 'HttpStatus' and no accessible extension method 'HttpStatus' accepting a first argument of type 'ClickUpApiValidationException' could be found (are you missing a using directive or an assembly reference?) [C:\Source\ClickUpApiMcpLib\src\ClickUp.Api.Client.Tests\ClickUp.Api.Client.Tests.csproj]
C:\Source\ClickUpApiMcpLib\src\ClickUp.Api.Client.Tests\Http\ApiConnectionTests.cs(166,55): error CS1061: 'ClickUpApiValidationException' does not contain a definition for 'ApiErrorCode' and no accessible extension method 'ApiErrorCode' accepting a first argument of type 'ClickUpApiValidationException' could be found (are you missing a using directive or an assembly reference?) [C:\Source\ClickUpApiMcpLib\src\ClickUp.Api.Client.Tests\ClickUp.Api.Client.Tests.csproj]
C:\Source\ClickUpApiMcpLib\src\ClickUp.Api.Client.Tests\Http\ApiConnectionTests.cs(192,72): error CS1061: 'ClickUpApiRequestException' does not contain a definition for 'HttpStatus' and no accessible extension method 'HttpStatus' accepting a first argument of type 'ClickUpApiRequestException' could be found (are you missing a using directive or an assembly reference?) [C:\Source\ClickUpApiMcpLib\src\ClickUp.Api.Client.Tests\ClickUp.Api.Client.Tests.csproj]
C:\Source\ClickUpApiMcpLib\src\ClickUp.Api.Client.Tests\Http\ApiConnectionTests.cs(194,56): error CS1061: 'ClickUpApiRequestException' does not contain a definition for 'ApiErrorCode' and no accessible extension method 'ApiErrorCode' accepting a first argument of type 'ClickUpApiRequestException' could be found (are you missing a using directive or an assembly reference?) [C:\Source\ClickUpApiMcpLib\src\ClickUp.Api.Client.Tests\ClickUp.Api.Client.Tests.csproj]
C:\Source\ClickUpApiMcpLib\src\ClickUp.Api.Client.Tests\Http\ApiConnectionTests.cs(214,63): error CS1061: 'ClickUpApiRequestException' does not contain a definition for 'HttpStatus' and no accessible extension method 'HttpStatus' accepting a first argument of type 'ClickUpApiRequestException' could be found (are you missing a using directive or an assembly reference?) [C:\Source\ClickUpApiMcpLib\src\ClickUp.Api.Client.Tests\ClickUp.Api.Client.Tests.csproj]
C:\Source\ClickUpApiMcpLib\src\ClickUp.Api.Client.Tests\Http\ApiConnectionTests.cs(216,35): error CS1061: 'ClickUpApiRequestException' does not contain a definition for 'ApiErrorCode' and no accessible extension method 'ApiErrorCode' accepting a first argument of type 'ClickUpApiRequestException' could be found (are you missing a using directive or an assembly reference?) [C:\Source\ClickUpApiMcpLib\src\ClickUp.Api.Client.Tests\ClickUp.Api.Client.Tests.csproj]
C:\Source\ClickUpApiMcpLib\src\ClickUp.Api.Client.Tests\Http\ApiConnectionTests.cs(231,72): error CS1061: 'ClickUpApiServerException' does not contain a definition for 'HttpStatus' and no accessible extension method 'HttpStatus' accepting a first argument of type 'ClickUpApiServerException' could be found (are you missing a using directive or an assembly reference?) [C:\Source\ClickUpApiMcpLib\src\ClickUp.Api.Client.Tests\ClickUp.Api.Client.Tests.csproj]
C:\Source\ClickUpApiMcpLib\src\ClickUp.Api.Client.Tests\Http\ApiConnectionTests.cs(233,59): error CS1061: 'ClickUpApiServerException' does not contain a definition for 'RawErrorContent' and no accessible extension method 'RawErrorContent' accepting a first argument of type 'ClickUpApiServerException' could be found (are you missing a using directive or an assembly reference?) [C:\Source\ClickUpApiMcpLib\src\ClickUp.Api.Client.Tests\ClickUp.Api.Client.Tests.csproj]
C:\Source\ClickUpApiMcpLib\src\ClickUp.Api.Client.Tests\Http\ApiConnectionTests.cs(234,35): error CS1061: 'ClickUpApiServerException' does not contain a definition for 'ApiErrorCode' and no accessible extension method 'ApiErrorCode' accepting a first argument of type 'ClickUpApiServerException' could be found (are you missing a using directive or an assembly reference?) [C:\Source\ClickUpApiMcpLib\src\ClickUp.Api.Client.Tests\ClickUp.Api.Client.Tests.csproj]
C:\Source\ClickUpApiMcpLib\src\ClickUp.Api.Client.Tests\Http\ApiConnectionTests.cs(249,62): error CS1061: 'ClickUpApiAuthenticationException' does not contain a definition for 'HttpStatus' and no accessible extension method 'HttpStatus' accepting a first argument of type 'ClickUpApiAuthenticationException' could be found (are you missing a using directive or an assembly reference?) [C:\Source\ClickUpApiMcpLib\src\ClickUp.Api.Client.Tests\ClickUp.Api.Client.Tests.csproj]
C:\Source\ClickUpApiMcpLib\src\ClickUp.Api.Client.Tests\Http\ApiConnectionTests.cs(251,35): error CS1061: 'ClickUpApiAuthenticationException' does not contain a definition for 'ApiErrorCode' and no accessible extension method 'ApiErrorCode' accepting a first argument of type 'ClickUpApiAuthenticationException' could be found (are you missing a using directive or an assembly reference?) [C:\Source\ClickUpApiMcpLib\src\ClickUp.Api.Client.Tests\ClickUp.Api.Client.Tests.csproj]
C:\Source\ClickUpApiMcpLib\src\ClickUp.Api.Client.Tests\Http\ApiConnectionTests.cs(270,56): error CS1061: 'TException' does not contain a definition for 'HttpStatus' and no accessible extension method 'HttpStatus' accepting a first argument of type 'TException' could be found (are you missing a using directive or an assembly reference?) [C:\Source\ClickUpApiMcpLib\src\ClickUp.Api.Client.Tests\ClickUp.Api.Client.Tests.csproj]
C:\Source\ClickUpApiMcpLib\src\ClickUp.Api.Client.Tests\Http\ApiConnectionTests.cs(278,55): error CS1061: 'TException' does not contain a definition for 'ApiErrorCode' and no accessible extension method 'ApiErrorCode' accepting a first argument of type 'TException' could be found (are you missing a using directive or an assembly reference?) [C:\Source\ClickUpApiMcpLib\src\ClickUp.Api.Client.Tests\ClickUp.Api.Client.Tests.csproj]
C:\Source\ClickUpApiMcpLib\src\ClickUp.Api.Client.Tests\Http\ApiConnectionTests.cs(283,60): error CS1061: 'TException' does not contain a definition for 'RawErrorContent' and no accessible extension method 'RawErrorContent' accepting a first argument of type 'TException' could be found (are you missing a using directive or an assembly reference?) [C:\Source\ClickUpApiMcpLib\src\ClickUp.Api.Client.Tests\ClickUp.Api.Client.Tests.csproj]
C:\Source\ClickUpApiMcpLib\src\ClickUp.Api.Client.Tests\Http\ApiConnectionTests.cs(311,55): error CS1061: 'ClickUpApiException' does not contain a definition for 'HttpStatus' and no accessible extension method 'HttpStatus' accepting a first argument of type 'ClickUpApiException' could be found (are you missing a using directive or an assembly reference?) [C:\Source\ClickUpApiMcpLib\src\ClickUp.Api.Client.Tests\ClickUp.Api.Client.Tests.csproj]
C:\Source\ClickUpApiMcpLib\src\ClickUp.Api.Client.Tests\Http\ApiConnectionTests.cs(312,50): error CS1061: 'ClickUpApiException' does not contain a definition for 'ApiErrorCode' and no accessible extension method 'ApiErrorCode' accepting a first argument of type 'ClickUpApiException' could be found (are you missing a using directive or an assembly reference?) [C:\Source\ClickUpApiMcpLib\src\ClickUp.Api.Client.Tests\ClickUp.Api.Client.Tests.csproj]
C:\Source\ClickUpApiMcpLib\src\ClickUp.Api.Client.Tests\Http\ApiConnectionTests.cs(314,57): error CS1061: 'ClickUpApiException' does not contain a definition for 'RawErrorContent' and no accessible extension method 'RawErrorContent' accepting a first argument of type 'ClickUpApiException' could be found (are you missing a using directive or an assembly reference?) [C:\Source\ClickUpApiMcpLib\src\ClickUp.Api.Client.Tests\ClickUp.Api.Client.Tests.csproj]
C:\Source\ClickUpApiMcpLib\src\ClickUp.Api.Client.Tests\Http\ApiConnectionTests.cs(340,54): error CS1061: 'ClickUpApiAuthenticationException' does not contain a definition for 'HttpStatus' and no accessible extension method 'HttpStatus' accepting a first argument of type 'ClickUpApiAuthenticationException' could be found (are you missing a using directive or an assembly reference?) [C:\Source\ClickUpApiMcpLib\src\ClickUp.Api.Client.Tests\ClickUp.Api.Client.Tests.csproj]
C:\Source\ClickUpApiMcpLib\src\ClickUp.Api.Client.Tests\Http\ApiConnectionTests.cs(341,49): error CS1061: 'ClickUpApiAuthenticationException' does not contain a definition for 'ApiErrorCode' and no accessible extension method 'ApiErrorCode' accepting a first argument of type 'ClickUpApiAuthenticationException' could be found (are you missing a using directive or an assembly reference?) [C:\Source\ClickUpApiMcpLib\src\ClickUp.Api.Client.Tests\ClickUp.Api.Client.Tests.csproj]
C:\Source\ClickUpApiMcpLib\src\ClickUp.Api.Client.Tests\Http\ApiConnectionTests.cs(343,56): error CS1061: 'ClickUpApiAuthenticationException' does not contain a definition for 'RawErrorContent' and no accessible extension method 'RawErrorContent' accepting a first argument of type 'ClickUpApiAuthenticationException' could be found (are you missing a using directive or an assembly reference?) [C:\Source\ClickUpApiMcpLib\src\ClickUp.Api.Client.Tests\ClickUp.Api.Client.Tests.csproj]
C:\Source\ClickUpApiMcpLib\src\ClickUp.Api.Client.Tests\ServiceTests\ViewsServiceTests.cs(31,33): error CS7036: There is no argument given that corresponds to the required parameter 'viewTaskService' of 'ViewsService.ViewsService(IViewCrudService, IViewQueryService, IViewTaskService, ILogger<ViewsService>)' [C:\Source\ClickUpApiMcpLib\src\ClickUp.Api.Client.Tests\ClickUp.Api.Client.Tests.csproj]
C:\Source\ClickUpApiMcpLib\src\ClickUp.Api.Client.Tests\ServiceTests\TaskServiceTests.cs(356,13): warning CS8620: Argument of type 'ISetup<ITaskQueryService, Task<IPagedResult<CuTask>>>' cannot be used for parameter 'mock' of type 'IReturns<ITaskQueryService, Task<IPagedResult<CuTask>?>>' in 'IReturnsResult<ITaskQueryService> ReturnsExtensions.ReturnsAsync<ITaskQueryService, IPagedResult<CuTask>?>(IReturns<ITaskQueryService, Task<IPagedResult<CuTask>?>> mock, IPagedResult<CuTask>? value)' due to differences in the nullability of reference types. [C:\Source\ClickUpApiMcpLib\src\ClickUp.Api.Client.Tests\ClickUp.Api.Client.Tests.csproj]
C:\Source\ClickUpApiMcpLib\src\ClickUp.Api.Client.Tests\ServiceTests\TaskServiceTests.cs(837,50): warning CS1998: This async method lacks 'await' operators and will run synchronously. Consider using the 'await' operator to await non-blocking API calls, or 'await Task.Run(...)' to do CPU-bound work on a background thread. [C:\Source\ClickUpApiMcpLib\src\ClickUp.Api.Client.Tests\ClickUp.Api.Client.Tests.csproj]
C:\Source\ClickUpApiMcpLib\src\ClickUp.Api.Client.Tests\ServiceTests\TaskServiceTests.cs(842,50): warning CS1998: This async method lacks 'await' operators and will run synchronously. Consider using the 'await' operator to await non-blocking API calls, or 'await Task.Run(...)' to do CPU-bound work on a background thread. [C:\Source\ClickUpApiMcpLib\src\ClickUp.Api.Client.Tests\ClickUp.Api.Client.Tests.csproj]

Build FAILED.

C:\Source\ClickUpApiMcpLib\src\ClickUp.Api.Client.Tests\ServiceTests\TaskServiceTests.cs(356,13): warning CS8620: Argument of type 'ISetup<ITaskQueryService, Task<IPagedResult<CuTask>>>' cannot be used for parameter 'mock' of type 'IReturns<ITaskQueryService, Task<IPagedResult<CuTask>?>>' in 'IReturnsResult<ITaskQueryService> ReturnsExtensions.ReturnsAsync<ITaskQueryService, IPagedResult<CuTask>?>(IReturns<ITaskQueryService, Task<IPagedResult<CuTask>?>> mock, IPagedResult<CuTask>? value)' due to differences in the nullability of reference types. [C:\Source\ClickUpApiMcpLib\src\ClickUp.Api.Client.Tests\ClickUp.Api.Client.Tests.csproj]
C:\Source\ClickUpApiMcpLib\src\ClickUp.Api.Client.Tests\ServiceTests\TaskServiceTests.cs(837,50): warning CS1998: This async method lacks 'await' operators and will run synchronously. Consider using the 'await' operator to await non-blocking API calls, or 'await Task.Run(...)' to do CPU-bound work on a background thread. [C:\Source\ClickUpApiMcpLib\src\ClickUp.Api.Client.Tests\ClickUp.Api.Client.Tests.csproj]
C:\Source\ClickUpApiMcpLib\src\ClickUp.Api.Client.Tests\ServiceTests\TaskServiceTests.cs(842,50): warning CS1998: This async method lacks 'await' operators and will run synchronously. Consider using the 'await' operator to await non-blocking API calls, or 'await Task.Run(...)' to do CPU-bound work on a background thread. [C:\Source\ClickUpApiMcpLib\src\ClickUp.Api.Client.Tests\ClickUp.Api.Client.Tests.csproj]
C:\Source\ClickUpApiMcpLib\src\ClickUp.Api.Client.Tests\Http\ApiConnectionTests.cs(85,55): error CS1061: 'ClickUpApiException' does not contain a definition for 'HttpStatus' and no accessible extension method 'HttpStatus' accepting a first argument of type 'ClickUpApiException' could be found (are you missing a using directive or an assembly reference?) [C:\Source\ClickUpApiMcpLib\src\ClickUp.Api.Client.Tests\ClickUp.Api.Client.Tests.csproj]
C:\Source\ClickUpApiMcpLib\src\ClickUp.Api.Client.Tests\Http\ApiConnectionTests.cs(86,50): error CS1061: 'ClickUpApiException' does not contain a definition for 'ApiErrorCode' and no accessible extension method 'ApiErrorCode' accepting a first argument of type 'ClickUpApiException' could be found (are you missing a using directive or an assembly reference?) [C:\Source\ClickUpApiMcpLib\src\ClickUp.Api.Client.Tests\ClickUp.Api.Client.Tests.csproj]
C:\Source\ClickUpApiMcpLib\src\ClickUp.Api.Client.Tests\Http\ApiConnectionTests.cs(88,57): error CS1061: 'ClickUpApiException' does not contain a definition for 'RawErrorContent' and no accessible extension method 'RawErrorContent' accepting a first argument of type 'ClickUpApiException' could be found (are you missing a using directive or an assembly reference?) [C:\Source\ClickUpApiMcpLib\src\ClickUp.Api.Client.Tests\ClickUp.Api.Client.Tests.csproj]
C:\Source\ClickUpApiMcpLib\src\ClickUp.Api.Client.Tests\Http\ApiConnectionTests.cs(114,68): error CS1061: 'ClickUpApiRateLimitException' does not contain a definition for 'HttpStatus' and no accessible extension method 'HttpStatus' accepting a first argument of type 'ClickUpApiRateLimitException' could be found (are you missing a using directive or an assembly reference?) [C:\Source\ClickUpApiMcpLib\src\ClickUp.Api.Client.Tests\ClickUp.Api.Client.Tests.csproj]
C:\Source\ClickUpApiMcpLib\src\ClickUp.Api.Client.Tests\Http\ApiConnectionTests.cs(116,53): error CS1061: 'ClickUpApiRateLimitException' does not contain a definition for 'ApiErrorCode' and no accessible extension method 'ApiErrorCode' accepting a first argument of type 'ClickUpApiRateLimitException' could be found (are you missing a using directive or an assembly reference?) [C:\Source\ClickUpApiMcpLib\src\ClickUp.Api.Client.Tests\ClickUp.Api.Client.Tests.csproj]
C:\Source\ClickUpApiMcpLib\src\ClickUp.Api.Client.Tests\Http\ApiConnectionTests.cs(133,68): error CS1061: 'ClickUpApiRateLimitException' does not contain a definition for 'HttpStatus' and no accessible extension method 'HttpStatus' accepting a first argument of type 'ClickUpApiRateLimitException' could be found (are you missing a using directive or an assembly reference?) [C:\Source\ClickUpApiMcpLib\src\ClickUp.Api.Client.Tests\ClickUp.Api.Client.Tests.csproj]
C:\Source\ClickUpApiMcpLib\src\ClickUp.Api.Client.Tests\Http\ApiConnectionTests.cs(135,53): error CS1061: 'ClickUpApiRateLimitException' does not contain a definition for 'ApiErrorCode' and no accessible extension method 'ApiErrorCode' accepting a first argument of type 'ClickUpApiRateLimitException' could be found (are you missing a using directive or an assembly reference?) [C:\Source\ClickUpApiMcpLib\src\ClickUp.Api.Client.Tests\ClickUp.Api.Client.Tests.csproj]
C:\Source\ClickUpApiMcpLib\src\ClickUp.Api.Client.Tests\Http\ApiConnectionTests.cs(164,72): error CS1061: 'ClickUpApiValidationException' does not contain a definition for 'HttpStatus' and no accessible extension method 'HttpStatus' accepting a first argument of type 'ClickUpApiValidationException' could be found (are you missing a using directive or an assembly reference?) [C:\Source\ClickUpApiMcpLib\src\ClickUp.Api.Client.Tests\ClickUp.Api.Client.Tests.csproj]
C:\Source\ClickUpApiMcpLib\src\ClickUp.Api.Client.Tests\Http\ApiConnectionTests.cs(166,55): error CS1061: 'ClickUpApiValidationException' does not contain a definition for 'ApiErrorCode' and no accessible extension method 'ApiErrorCode' accepting a first argument of type 'ClickUpApiValidationException' could be found (are you missing a using directive or an assembly reference?) [C:\Source\ClickUpApiMcpLib\src\ClickUp.Api.Client.Tests\ClickUp.Api.Client.Tests.csproj]
C:\Source\ClickUpApiMcpLib\src\ClickUp.Api.Client.Tests\Http\ApiConnectionTests.cs(192,72): error CS1061: 'ClickUpApiRequestException' does not contain a definition for 'HttpStatus' and no accessible extension method 'HttpStatus' accepting a first argument of type 'ClickUpApiRequestException' could be found (are you missing a using directive or an assembly reference?) [C:\Source\ClickUpApiMcpLib\src\ClickUp.Api.Client.Tests\ClickUp.Api.Client.Tests.csproj]
C:\Source\ClickUpApiMcpLib\src\ClickUp.Api.Client.Tests\Http\ApiConnectionTests.cs(194,56): error CS1061: 'ClickUpApiRequestException' does not contain a definition for 'ApiErrorCode' and no accessible extension method 'ApiErrorCode' accepting a first argument of type 'ClickUpApiRequestException' could be found (are you missing a using directive or an assembly reference?) [C:\Source\ClickUpApiMcpLib\src\ClickUp.Api.Client.Tests\ClickUp.Api.Client.Tests.csproj]
C:\Source\ClickUpApiMcpLib\src\ClickUp.Api.Client.Tests\Http\ApiConnectionTests.cs(214,63): error CS1061: 'ClickUpApiRequestException' does not contain a definition for 'HttpStatus' and no accessible extension method 'HttpStatus' accepting a first argument of type 'ClickUpApiRequestException' could be found (are you missing a using directive or an assembly reference?) [C:\Source\ClickUpApiMcpLib\src\ClickUp.Api.Client.Tests\ClickUp.Api.Client.Tests.csproj]
C:\Source\ClickUpApiMcpLib\src\ClickUp.Api.Client.Tests\Http\ApiConnectionTests.cs(216,35): error CS1061: 'ClickUpApiRequestException' does not contain a definition for 'ApiErrorCode' and no accessible extension method 'ApiErrorCode' accepting a first argument of type 'ClickUpApiRequestException' could be found (are you missing a using directive or an assembly reference?) [C:\Source\ClickUpApiMcpLib\src\ClickUp.Api.Client.Tests\ClickUp.Api.Client.Tests.csproj]
C:\Source\ClickUpApiMcpLib\src\ClickUp.Api.Client.Tests\Http\ApiConnectionTests.cs(231,72): error CS1061: 'ClickUpApiServerException' does not contain a definition for 'HttpStatus' and no accessible extension method 'HttpStatus' accepting a first argument of type 'ClickUpApiServerException' could be found (are you missing a using directive or an assembly reference?) [C:\Source\ClickUpApiMcpLib\src\ClickUp.Api.Client.Tests\ClickUp.Api.Client.Tests.csproj]
C:\Source\ClickUpApiMcpLib\src\ClickUp.Api.Client.Tests\Http\ApiConnectionTests.cs(233,59): error CS1061: 'ClickUpApiServerException' does not contain a definition for 'RawErrorContent' and no accessible extension method 'RawErrorContent' accepting a first argument of type 'ClickUpApiServerException' could be found (are you missing a using directive or an assembly reference?) [C:\Source\ClickUpApiMcpLib\src\ClickUp.Api.Client.Tests\ClickUp.Api.Client.Tests.csproj]
C:\Source\ClickUpApiMcpLib\src\ClickUp.Api.Client.Tests\Http\ApiConnectionTests.cs(234,35): error CS1061: 'ClickUpApiServerException' does not contain a definition for 'ApiErrorCode' and no accessible extension method 'ApiErrorCode' accepting a first argument of type 'ClickUpApiServerException' could be found (are you missing a using directive or an assembly reference?) [C:\Source\ClickUpApiMcpLib\src\ClickUp.Api.Client.Tests\ClickUp.Api.Client.Tests.csproj]
C:\Source\ClickUpApiMcpLib\src\ClickUp.Api.Client.Tests\Http\ApiConnectionTests.cs(249,62): error CS1061: 'ClickUpApiAuthenticationException' does not contain a definition for 'HttpStatus' and no accessible extension method 'HttpStatus' accepting a first argument of type 'ClickUpApiAuthenticationException' could be found (are you missing a using directive or an assembly reference?) [C:\Source\ClickUpApiMcpLib\src\ClickUp.Api.Client.Tests\ClickUp.Api.Client.Tests.csproj]
C:\Source\ClickUpApiMcpLib\src\ClickUp.Api.Client.Tests\Http\ApiConnectionTests.cs(251,35): error CS1061: 'ClickUpApiAuthenticationException' does not contain a definition for 'ApiErrorCode' and no accessible extension method 'ApiErrorCode' accepting a first argument of type 'ClickUpApiAuthenticationException' could be found (are you missing a using directive or an assembly reference?) [C:\Source\ClickUpApiMcpLib\src\ClickUp.Api.Client.Tests\ClickUp.Api.Client.Tests.csproj]
C:\Source\ClickUpApiMcpLib\src\ClickUp.Api.Client.Tests\Http\ApiConnectionTests.cs(270,56): error CS1061: 'TException' does not contain a definition for 'HttpStatus' and no accessible extension method 'HttpStatus' accepting a first argument of type 'TException' could be found (are you missing a using directive or an assembly reference?) [C:\Source\ClickUpApiMcpLib\src\ClickUp.Api.Client.Tests\ClickUp.Api.Client.Tests.csproj]
C:\Source\ClickUpApiMcpLib\src\ClickUp.Api.Client.Tests\Http\ApiConnectionTests.cs(278,55): error CS1061: 'TException' does not contain a definition for 'ApiErrorCode' and no accessible extension method 'ApiErrorCode' accepting a first argument of type 'TException' could be found (are you missing a using directive or an assembly reference?) [C:\Source\ClickUpApiMcpLib\src\ClickUp.Api.Client.Tests\ClickUp.Api.Client.Tests.csproj]
C:\Source\ClickUpApiMcpLib\src\ClickUp.Api.Client.Tests\Http\ApiConnectionTests.cs(283,60): error CS1061: 'TException' does not contain a definition for 'RawErrorContent' and no accessible extension method 'RawErrorContent' accepting a first argument of type 'TException' could be found (are you missing a using directive or an assembly reference?) [C:\Source\ClickUpApiMcpLib\src\ClickUp.Api.Client.Tests\ClickUp.Api.Client.Tests.csproj]
C:\Source\ClickUpApiMcpLib\src\ClickUp.Api.Client.Tests\Http\ApiConnectionTests.cs(311,55): error CS1061: 'ClickUpApiException' does not contain a definition for 'HttpStatus' and no accessible extension method 'HttpStatus' accepting a first argument of type 'ClickUpApiException' could be found (are you missing a using directive or an assembly reference?) [C:\Source\ClickUpApiMcpLib\src\ClickUp.Api.Client.Tests\ClickUp.Api.Client.Tests.csproj]
C:\Source\ClickUpApiMcpLib\src\ClickUp.Api.Client.Tests\Http\ApiConnectionTests.cs(312,50): error CS1061: 'ClickUpApiException' does not contain a definition for 'ApiErrorCode' and no accessible extension method 'ApiErrorCode' accepting a first argument of type 'ClickUpApiException' could be found (are you missing a using directive or an assembly reference?) [C:\Source\ClickUpApiMcpLib\src\ClickUp.Api.Client.Tests\ClickUp.Api.Client.Tests.csproj]
C:\Source\ClickUpApiMcpLib\src\ClickUp.Api.Client.Tests\Http\ApiConnectionTests.cs(314,57): error CS1061: 'ClickUpApiException' does not contain a definition for 'RawErrorContent' and no accessible extension method 'RawErrorContent' accepting a first argument of type 'ClickUpApiException' could be found (are you missing a using directive or an assembly reference?) [C:\Source\ClickUpApiMcpLib\src\ClickUp.Api.Client.Tests\ClickUp.Api.Client.Tests.csproj]
C:\Source\ClickUpApiMcpLib\src\ClickUp.Api.Client.Tests\Http\ApiConnectionTests.cs(340,54): error CS1061: 'ClickUpApiAuthenticationException' does not contain a definition for 'HttpStatus' and no accessible extension method 'HttpStatus' accepting a first argument of type 'ClickUpApiAuthenticationException' could be found (are you missing a using directive or an assembly reference?) [C:\Source\ClickUpApiMcpLib\src\ClickUp.Api.Client.Tests\ClickUp.Api.Client.Tests.csproj]
C:\Source\ClickUpApiMcpLib\src\ClickUp.Api.Client.Tests\Http\ApiConnectionTests.cs(341,49): error CS1061: 'ClickUpApiAuthenticationException' does not contain a definition for 'ApiErrorCode' and no accessible extension method 'ApiErrorCode' accepting a first argument of type 'ClickUpApiAuthenticationException' could be found (are you missing a using directive or an assembly reference?) [C:\Source\ClickUpApiMcpLib\src\ClickUp.Api.Client.Tests\ClickUp.Api.Client.Tests.csproj]
C:\Source\ClickUpApiMcpLib\src\ClickUp.Api.Client.Tests\Http\ApiConnectionTests.cs(343,56): error CS1061: 'ClickUpApiAuthenticationException' does not contain a definition for 'RawErrorContent' and no accessible extension method 'RawErrorContent' accepting a first argument of type 'ClickUpApiAuthenticationException' could be found (are you missing a using directive or an assembly reference?) [C:\Source\ClickUpApiMcpLib\src\ClickUp.Api.Client.Tests\ClickUp.Api.Client.Tests.csproj]
C:\Source\ClickUpApiMcpLib\src\ClickUp.Api.Client.Tests\ServiceTests\ViewsServiceTests.cs(31,33): error CS7036: There is no argument given that corresponds to the required parameter 'viewTaskService' of 'ViewsService.ViewsService(IViewCrudService, IViewQueryService, IViewTaskService, ILogger<ViewsService>)' [C:\Source\ClickUpApiMcpLib\src\ClickUp.Api.Client.Tests\ClickUp.Api.Client.Tests.csproj]
    3 Warning(s)
    28 Error(s)

Time Elapsed 00:00:08.36

Workload updates are available. Run `dotnet workload list` for more information.
