  ClickUp.Api.Client.Models -> C:\Source\ClickUpApiMcpLib\src\ClickUp.Api.Client.Models\bin\Debug\net9.0\ClickUp.Api.Client.Models.dll
  ClickUp.Api.Client.Abstractions -> C:\Source\ClickUpApiMcpLib\src\ClickUp.Api.Client.Abstractions\bin\Debug\net9.0\ClickUp.Api.Client.Abstractions.dll
  ClickUp.Api.Client -> C:\Source\ClickUpApiMcpLib\src\ClickUp.Api.Client\bin\Debug\net9.0\ClickUp.Api.Client.dll
C:\Source\ClickUpApiMcpLib\src\ClickUp.Api.Client.Tests\ServiceTests\ViewsServiceTests.cs(31,33): error CS7036: There is no argument given that corresponds to the required parameter 'viewTaskService' of 'ViewsService.ViewsService(IViewCrudService, IViewQueryService, IViewTaskService, ILogger<ViewsService>)' [C:\Source\ClickUpApiMcpLib\src\ClickUp.Api.Client.Tests\ClickUp.Api.Client.Tests.csproj]
C:\Source\ClickUpApiMcpLib\src\ClickUp.Api.Client.Tests\ServiceTests\TaskServiceTests.cs(356,13): warning CS8620: Argument of type 'ISetup<ITaskQueryService, Task<IPagedResult<CuTask>>>' cannot be used for parameter 'mock' of type 'IReturns<ITaskQueryService, Task<IPagedResult<CuTask>?>>' in 'IReturnsResult<ITaskQueryService> ReturnsExtensions.ReturnsAsync<ITaskQueryService, IPagedResult<CuTask>?>(IReturns<ITaskQueryService, Task<IPagedResult<CuTask>?>> mock, IPagedResult<CuTask>? value)' due to differences in the nullability of reference types. [C:\Source\ClickUpApiMcpLib\src\ClickUp.Api.Client.Tests\ClickUp.Api.Client.Tests.csproj]
C:\Source\ClickUpApiMcpLib\src\ClickUp.Api.Client.Tests\ServiceTests\TaskServiceTests.cs(837,50): warning CS1998: This async method lacks 'await' operators and will run synchronously. Consider using the 'await' operator to await non-blocking API calls, or 'await Task.Run(...)' to do CPU-bound work on a background thread. [C:\Source\ClickUpApiMcpLib\src\ClickUp.Api.Client.Tests\ClickUp.Api.Client.Tests.csproj]
C:\Source\ClickUpApiMcpLib\src\ClickUp.Api.Client.Tests\ServiceTests\TaskServiceTests.cs(842,50): warning CS1998: This async method lacks 'await' operators and will run synchronously. Consider using the 'await' operator to await non-blocking API calls, or 'await Task.Run(...)' to do CPU-bound work on a background thread. [C:\Source\ClickUpApiMcpLib\src\ClickUp.Api.Client.Tests\ClickUp.Api.Client.Tests.csproj]

Build FAILED.

C:\Source\ClickUpApiMcpLib\src\ClickUp.Api.Client.Tests\ServiceTests\TaskServiceTests.cs(356,13): warning CS8620: Argument of type 'ISetup<ITaskQueryService, Task<IPagedResult<CuTask>>>' cannot be used for parameter 'mock' of type 'IReturns<ITaskQueryService, Task<IPagedResult<CuTask>?>>' in 'IReturnsResult<ITaskQueryService> ReturnsExtensions.ReturnsAsync<ITaskQueryService, IPagedResult<CuTask>?>(IReturns<ITaskQueryService, Task<IPagedResult<CuTask>?>> mock, IPagedResult<CuTask>? value)' due to differences in the nullability of reference types. [C:\Source\ClickUpApiMcpLib\src\ClickUp.Api.Client.Tests\ClickUp.Api.Client.Tests.csproj]
C:\Source\ClickUpApiMcpLib\src\ClickUp.Api.Client.Tests\ServiceTests\TaskServiceTests.cs(837,50): warning CS1998: This async method lacks 'await' operators and will run synchronously. Consider using the 'await' operator to await non-blocking API calls, or 'await Task.Run(...)' to do CPU-bound work on a background thread. [C:\Source\ClickUpApiMcpLib\src\ClickUp.Api.Client.Tests\ClickUp.Api.Client.Tests.csproj]
C:\Source\ClickUpApiMcpLib\src\ClickUp.Api.Client.Tests\ServiceTests\TaskServiceTests.cs(842,50): warning CS1998: This async method lacks 'await' operators and will run synchronously. Consider using the 'await' operator to await non-blocking API calls, or 'await Task.Run(...)' to do CPU-bound work on a background thread. [C:\Source\ClickUpApiMcpLib\src\ClickUp.Api.Client.Tests\ClickUp.Api.Client.Tests.csproj]
C:\Source\ClickUpApiMcpLib\src\ClickUp.Api.Client.Tests\ServiceTests\ViewsServiceTests.cs(31,33): error CS7036: There is no argument given that corresponds to the required parameter 'viewTaskService' of 'ViewsService.ViewsService(IViewCrudService, IViewQueryService, IViewTaskService, ILogger<ViewsService>)' [C:\Source\ClickUpApiMcpLib\src\ClickUp.Api.Client.Tests\ClickUp.Api.Client.Tests.csproj]
    3 Warning(s)
    1 Error(s)

Time Elapsed 00:00:04.86

Workload updates are available. Run `dotnet workload list` for more information.
